<!DOCTYPE html>
<html>
<head>
  <link href="css/style.bundle.css" rel="stylesheet">
  <link href="css/app.bundle.css" rel="stylesheet">
<script src="js/runtime.bundle.js"></script>
<script src="js/589.bundle.js"></script>
<script src="js/540.bundle.js"></script>
<script src="js/313.bundle.js"></script>
<script src="js/631.bundle.js"></script>
<script src="js/app.bundle.js"></script>
</head>
<body>
  <h1>Home</h1>
  <div class="lib">.lib</div>
  <div class="app">.app</div>
  <div class="main-a">.main-a</div>
  <div class="main-b">.main-b</div>
</body>
</html>